C51 COMPILER V9.54   MAIN                                                                  06/08/2024 16:43:02 PAGE 1   


C51 COMPILER V9.54, COMPILATION OF MODULE MAIN
OBJECT MODULE PLACED IN .\Objects\main.obj
COMPILER INVOKED BY: D:\Keil_uvision5_MDK\Keil_v5\C51\BIN\C51.EXE main.c OPTIMIZE(8,SPEED) BROWSE DEBUG OBJECTEXTEND PRI
                    -NT(.\Listings\main.lst) OBJECT(.\Objects\main.obj)

line level    source

   1          #include "reg52.h"
   2          
   3          typedef unsigned int u16;       //对系统默认数据类型进行重定义
   4          typedef unsigned char u8;
   5          
   6          //定义74HC595控制管脚
   7          sbit SRCLK=P3^6;        //移位寄存器时钟输入
   8          sbit RCLK1=P3^5;                //存储寄存器时钟输入,因为RCLK在头文件里面已经被定义过来，所以此处命名为RCLK1防止重命名。
   9          sbit SER=P3^4;          //串行数据输入
  10          
  11          #define LEDDZ_COL_PORT  P0      //点阵列控制端口
  12          
  13          u8 led_row[10][8]={                                                                                             //点阵数字行扫描
  14                                                  {0x00,0x7E,0x81,0x81,0x81,0x81,0x7E,0x00}, //数字0
  15                                                  {0x00,0x00,0x41,0x41,0xFF,0x01,0x01,0x00}, //数字1
  16                                                  {0x00,0x61,0x83,0x85,0x89,0x91,0x61,0x00}, //数字2
  17                                                  {0x00,0x66,0x81,0x89,0x89,0x89,0x7E,0x00}, //数字3
  18                                                  {0x18,0x28,0x48,0x88,0x7F,0x08,0x08,0x00}, //数字4
  19                                                  {0x00,0x00,0xF9,0x89,0x89,0x89,0x8F,0x00}, //数字5
  20                                                  {0x00,0x00,0xFF,0x89,0x89,0x89,0x8F,0x00}, //数字6
  21                                                  {0x00,0x00,0x80,0x80,0x80,0x80,0xFF,0x00}, //数字7
  22                                                  {0x00,0x00,0xFF,0x89,0x89,0x89,0xFF,0x00}, //数字8
  23                                                  {0x00,0x00,0xF1,0x91,0x91,0x91,0xFF,0x00}  //数字9
  24                                            };
  25          
  26          u8 led_col[8]={0x7f,0xbf,0xdf,0xef,0xf7,0xfb,0xfd,0xfe};        //点阵列扫描
  27                                            
  28          void delay_10us(u16 ten_us)
  29          {
  30   1              while(ten_us--);        
  31   1      }
  32          
  33          void hc595_write_data(u8 dat)
  34          {
  35   1              u8 i=0;
  36   1              
  37   1              for(i=0;i<8;i++)//循环8次即可将一个字节写入寄存器中
  38   1              {
  39   2                      SER=(dat>>7);//将数据dat里的高位向友位移八位到最低位，然后放到SER内，即实现优先传输一个字节中的高位
  40   2                      dat<<=1;//将低位移动到高位
  41   2                      SRCLK=0;
  42   2                      //delay_10us(10);//在SRCLK产生上升沿的时候，才会把数据写入，其反应时间为nm级，所以延时可不带。 
  43   2                      SRCLK=1;
  44   2                      //delay_10us(10);//移位寄存器时钟上升沿将端口数据送入寄存器中   
  45   2              }
  46   1              RCLK1=0;
  47   1              delay_10us(1);
  48   1              RCLK1=1;//存储寄存器时钟上升沿将前面写入到寄存器的数据输出      
  49   1      }
  50          
  51          
  52          void main()
  53          {       
  54   1              u8 i=0,j=0,k=0;
C51 COMPILER V9.54   MAIN                                                                  06/08/2024 16:43:02 PAGE 2   

  55   1      
  56   1              LEDDZ_COL_PORT=0x00;//将LED点阵列全部设置为0，即LED阴极为低电平
  57   1              while(1)
  58   1              {               
  59   2                      for(i=0;i<10;i++)
  60   2                      {
  61   3                              for(k=0;k<50;k++)
  62   3                              {
  63   4                              for(j=0;j<8;j++)
  64   4                              {       
  65   5                                      LEDDZ_COL_PORT=led_col[j];//传送列选数据
  66   5                                      hc595_write_data(led_row[i][j]);//传送行选数据
  67   5                                      delay_10us(100);//延时一段时间，等待显示稳定
  68   5                                      hc595_write_data(0x00);//消影           
  69   5                              }
  70   4                              }
  71   3                      }       
  72   2              }               
  73   1      }
  74          
  75          
  76          
  77          
  78          


MODULE INFORMATION:   STATIC OVERLAYABLE
   CODE SIZE        =    104    ----
   CONSTANT SIZE    =   ----    ----
   XDATA SIZE       =   ----    ----
   PDATA SIZE       =   ----    ----
   DATA SIZE        =     88    ----
   IDATA SIZE       =   ----    ----
   BIT SIZE         =   ----    ----
END OF MODULE INFORMATION.


C51 COMPILATION COMPLETE.  0 WARNING(S),  0 ERROR(S)
